
> rest-express@1.0.0 build
> tsx script/build.ts

building client...
[36mvite v7.3.1 [32mbuilding client environment for production...[36m[39m
transforming...
[32mÔ£ô[39m 2094 modules transformed.
rendering chunks...
[meta-images] no Replit deployment domain found, skipping meta tag updates
computing gzip size...
[2m../dist/public/[22m[32mindex.html                 [39m[1m[2m  1.57 kB[22m[1m[22m[2m Ôöé gzip:   0.64 kB[22m
[2m../dist/public/[22m[35massets/index-BJlSWQBM.css  [39m[1m[2m 90.22 kB[22m[1m[22m[2m Ôöé gzip:  14.80 kB[22m
[2m../dist/public/[22m[36massets/index-uNRTf0Sg.js   [39m[1m[2m468.33 kB[22m[1m[22m[2m Ôöé gzip: 146.81 kB[22m
[32mÔ£ô built in 6.31s[39m
building server...
X [ERROR] Could not resolve "server/index.ts"

1 error
Error: Build failed with 1 error:
error: Could not resolve "server/index.ts"
    at failureErrorWithLog (C:\Users\krist\Desktop\Cursor-Projects\Projects\Hackathon-Storyforge\node_modules\esbuild\lib\main.js:1467:15)
    at C:\Users\krist\Desktop\Cursor-Projects\Projects\Hackathon-Storyforge\node_modules\esbuild\lib\main.js:926:25
    at C:\Users\krist\Desktop\Cursor-Projects\Projects\Hackathon-Storyforge\node_modules\esbuild\lib\main.js:878:52
    at buildResponseToResult (C:\Users\krist\Desktop\Cursor-Projects\Projects\Hackathon-Storyforge\node_modules\esbuild\lib\main.js:924:7)
    at C:\Users\krist\Desktop\Cursor-Projects\Projects\Hackathon-Storyforge\node_modules\esbuild\lib\main.js:951:16
    at responseCallbacks.<computed> (C:\Users\krist\Desktop\Cursor-Projects\Projects\Hackathon-Storyforge\node_modules\esbuild\lib\main.js:603:9)
    at handleIncomingPacket (C:\Users\krist\Desktop\Cursor-Projects\Projects\Hackathon-Storyforge\node_modules\esbuild\lib\main.js:658:12)
    at Socket.readFromStdout (C:\Users\krist\Desktop\Cursor-Projects\Projects\Hackathon-Storyforge\node_modules\esbuild\lib\main.js:581:7)
    at Socket.emit (node:events:508:28)
    at addChunk (node:internal/streams/readable:559:12) {
  errors: [Getter/Setter],
  warnings: [Getter/Setter]
}
