============================= test session starts =============================
platform win32 -- Python 3.13.12, pytest-9.0.2, pluggy-1.6.0 -- C:\Users\krist\Desktop\Cursor-Projects\Projects\Hackathon-Storyforge\backend\.venv\Scripts\python.exe
cachedir: .pytest_cache
rootdir: C:\Users\krist\Desktop\Cursor-Projects\Projects\Hackathon-Storyforge\backend
configfile: pyproject.toml
plugins: anyio-4.12.1, asyncio-1.3.0
asyncio: mode=Mode.AUTO, debug=False, asyncio_default_fixture_loop_scope=None, asyncio_default_test_loop_scope=function
collecting ... collected 116 items / 1 error

=================================== ERRORS ====================================
_____________________ ERROR collecting tests/test_api.py ______________________
ImportError while importing test module 'C:\Users\krist\Desktop\Cursor-Projects\Projects\Hackathon-Storyforge\backend\tests\test_api.py'.
Hint: make sure your test modules/packages have valid Python names.
Traceback:
C:\Program Files\WindowsApps\PythonSoftwareFoundation.Python.3.13_3.13.3312.0_x64__qbz5n2kfra8p0\Lib\importlib\__init__.py:88: in import_module
    return _bootstrap._gcd_import(name[level:], package, level)
           ^^^^^^^^^^^^^^^^^^^^^^^^^^^^^^^^^^^^^^^^^^^^^^^^^^^^
tests\test_api.py:42: in <module>
    from app.main import app
app\main.py:8: in <module>
    from app.routes.ws import router as ws_router
app\routes\ws.py:17: in <module>
    from google.adk.agents.live_request_queue import LiveRequestQueue
E   ModuleNotFoundError: No module named 'google.adk'
=========================== short test summary info ===========================
ERROR tests/test_api.py
!!!!!!!!!!!!!!!!!!! Interrupted: 1 error during collection !!!!!!!!!!!!!!!!!!!!
============================== 1 error in 1.05s ===============================
